// Jest Snapshot v1, https://goo.gl/fbAQLP

exports[`Map renders without crashing 1`] = `<div />`;
